// Jest Snapshot v1, https://goo.gl/fbAQLP

exports[`Section Component should be a section 1`] = `
"
    <section>
      <div><h1>About</h1> <h1>Portfolio</h1> <h1>Blog</h1> <h1>Contact</h1></div>
    </section>
    "
`;
